// Jest Snapshot v1, https://goo.gl/fbAQLP

exports[`should render ExpenseListItem correctly 1`] = `
<div>
  <Link
    replace={false}
    to="/edit/1"
  >
    <h3>
      Rice
    </h3>
  </Link>
  <p>
    Amount: 
    200
     - Create Date: 
    0
  </p>
</div>
`;
